// Jest Snapshot v1, https://goo.gl/fbAQLP

exports[`should render 1`] = `
<DocumentFragment>
  <div
    class="App"
  >
    <header
      class="App-header"
    >
      <img
        alt="logo"
        class="App-logo"
        src="logo.svg"
      />
      <a
        class="App-link"
        href="/about"
      >
        <p>
          Go To About Page
        </p>
      </a>
    </header>
  </div>
</DocumentFragment>
`;
